should have a service:
  1: |
    apiVersion: v1
    kind: Service
    metadata:
      labels:
        app.kubernetes.io/instance: test
        app.kubernetes.io/managed-by: Helm
        app.kubernetes.io/name: generic-app
        helm.sh/chart: generic-app-0.1.0
      name: test-generic-app
    spec:
      ports:
        - port: 80
          protocol: TCP
          targetPort: 80
      selector:
        app.kubernetes.io/component: web
        app.kubernetes.io/instance: test
        app.kubernetes.io/name: generic-app
